lrwxr-xr-x - nixbld 23 Apr 02:36 with_submodule_symlink -> with_submodule
drwxr-xr-x - nixbld  1 Jan  1970 git
drwxr-xr-x - nixbld  1 Jan  1970 grid
drwxr-xr-x - nixbld  1 Jan  1970 group
drwxr-xr-x - nixbld  1 Jan  1970 icons
drwxr-xr-x - nixbld  1 Jan  1970 perms
drwxr-xr-x - nixbld  1 Jan  1970 size
drwxr-xr-x - nixbld  1 Jan  1970 specials
drwxr-xr-x - nixbld  1 Jan  1970 symlinks
drwxr-xr-x - nixbld  1 Jan  1970 time
drwxr-xr-x - nixbld  1 Jan  1970 with_submodule
