with_submodule_symlink -> with_submodule
with_submodule
time
symlinks
specials
size
perms
icons
group
grid
git
