- git
- grid
- group
- icons
- perms
- size
- specials
- symlinks
- time
- with_submodule
- with_submodule_symlink -> with_submodule
