drwxr-xr-x - nixbld 54 years   git
drwxr-xr-x - nixbld 54 years   grid
drwxr-xr-x - nixbld 54 years   group
drwxr-xr-x - nixbld 54 years   icons
drwxr-xr-x - nixbld 54 years   perms
drwxr-xr-x - nixbld 54 years   size
drwxr-xr-x - nixbld 54 years   specials
drwxr-xr-x - nixbld 54 years   symlinks
drwxr-xr-x - nixbld 54 years   time
drwxr-xr-x - nixbld 54 years   with_submodule
lrwxr-xr-x - nixbld 48 seconds with_submodule_symlink -> with_submodule
